12 2
21.1779 2118.65
3.54775 59.7973
12.3181 399.846
19.3907 570.032
29.2397 884.727
48.605 1096.76
53.1605 480.921
10.4218 1367.37
17.5087 441.884
60.2501 555.278
42.1974 1483.06
28.1237 1735.4
