1 9
3.0001 4.0001 5.0001 1.0001 5.0001 -3.9999 -5.9999 3.0001 -22.9999
