2 9
0.0483912 0.060489 0.0725868 0.0241956 0.0725868 -0.0362934 -0.060489 0.0483912 -0.266152
0.060489 0.0725868 0.0846846 0.0362934 0.0846846 -0.0241956 -0.0483912 0.060489 -0.254054
