2 9
8.0 10.0 12.0 4.0 12.0 -6.0 -10.0 8.0 -44.0
10.0 12.0 14.0 6.0 14.0 -4.0 -8.0 10.0 -42.0
