2 9
4.29522 9.79476 1.36588 3.25327 29.9999 -12.086 -35.0 32.0 15.8842
7.30708 2.70502 62.9975 35.9999 54.9975 11.9997 5.99999 24.0 -4.50681
