12 2
-53.3416 -82.416
7.12366 11.002
22.7025 32.9386
32.0642 46.2792
40.3319 58.6095
47.3392 70.5544
30.9808 50.6479
-0.317033 -1.34286
13.4159 19.5082
19.7132 30.9175
63.6879 97.6608
39.1945 54.286
