2 9
0.999874 1.99987 2.99987 1.99987 2.99987 1.99987 7.99987 -0.000125587 6.99987
1.99999 2.99999 4.99999 1.99999 -1.00001 5.99999 5.99999 6.99999 4.99999
