2 9
0.970746 2.6638 4.70395 4.59535 6.53561 6.35237 13.2716 6.03015 13.8564
0.970746 2.6638 4.70395 3.59535 1.53561 9.35237 10.2716 12.0302 10.8564
