2 9
0.0 1.97185 5.99966 3.99999 9.99999 5.99991 49.0 -8.59016 -5.43905
0.0 1.97185 5.99966 0.0 -15.0 23.9996 28.0 42.9508 -2.71953
