1 9
3.39052 4.08311 3.96453 -0.719416 2.83812 -7.29234 -9.7348 -1.33847 -28.1556
