1 9
4.30178 7.13193 7.94813 4.77421 9.36709 1.16784 -0.294989 9.87816 -15.2375
