2 9
-0.0 -0.0020543 -0.0041086 -0.0020543 -0.0041086 -0.0020543 -0.0143801 0.0020543 -0.0123258
-0.0 -0.0323528 -0.0970584 -0.0 0.0970584 -0.129411 -0.129411 -0.161764 -0.0970584
