2 9
0.0 2.0 6.0 3.47245 -0.238624 -0.168491 -0.605609 0.00595167 -7.46987
0.0 2.0 6.0 0.0 0.357937 -0.673964 -0.346062 -0.0297584 -3.73494
