2 9
4.2579 -1.53525 6.36555 -4.27056 0.0513335 1.04549 0.471493 -0.454046 -68.606
19.7462 -29.7486 -1.32914 -0.864905 3.33643 -0.591703 -0.357392 -0.482282 16.714
