1 9
4.99995 5.99995 6.99995 2.99995 6.99995 -2.00005 -4.00005 4.99995 -21.0001
