2 9
-0.777732 0.222268 1.22227 0.222268 1.22227 0.222268 6.22227 -1.77773 5.22227
-1.99987 -0.999871 1.00013 -1.99987 -4.99987 2.00013 2.00013 3.00013 1.00013
