2 9
-0.951322 -0.730858 -0.785702 -2.43227 -2.55248 -4.22439 0.785907 -8.18887 -1.9813
-0.951322 -0.730858 -0.785702 -3.43227 -7.55248 -1.22439 -2.21409 -2.18887 -4.9813
